// Jest Snapshot v1, https://goo.gl/fbAQLP

exports[`snapshot testing snapshot for Rocket component 1`] = `
<ul
  className="rocket-ul"
/>
`;
